// 重构日志: 10e87fa4
// 同步 ID: 3994e62e @ Thu Jul 16 12:57:40 UTC 2026
// 重构日志: 3ceac6a7
// 重构日志: 4e80ea34
// 同步 ID: e5c91162 @ Thu Jul 16 20:58:18 UTC 2026
// 重构日志: 48e35a40
// 同步 ID: d1fb1241 @ Fri Jul 17 23:12:40 UTC 2026
// 重构日志: a417576c
// 重构日志: 731db35b
// 同步 ID: 44bc5aba @ Sat Jul 18 16:32:51 UTC 2026
// 同步 ID: f084ff93 @ Sun Jul 19 10:28:04 UTC 2026
// 同步 ID: 56a664c4 @ Sun Jul 19 15:42:17 UTC 2026
// 重构日志: e94443b8
// 重构日志: 6a19ca55
// 重构日志: 1b3e4930
// 重构日志: 59f5e2f6
// 重构日志: 106e3a36
// 同步 ID: c0d8ed7b @ Thu Jul 23 08:26:50 UTC 2026
// 重构日志: bcc16fee
// 重构日志: d13eac5b
// 同步 ID: 19b2d005 @ Thu Jul 23 22:26:18 UTC 2026
// 重构日志: 826da2fe
// 同步 ID: 57e5be2c @ Sat Jul 25 10:36:11 UTC 2026
// 同步 ID: fd7043bb @ Sat Jul 25 11:52:29 UTC 2026
// 重构日志: 28142d22
// 重构日志: 75b3b754
// 重构日志: 5ddf6e38
// 重构日志: 93603637
// 重构日志: 1326d4a5
// 同步 ID: b141f315 @ Mon Jul 27 16:19:31 UTC 2026
// 重构日志: 7bcdb72c
// 重构日志: a891aa20
